[INFO] Scanning for projects...
[INFO] 
[INFO] -----------------------< com.estrat:authservice >-----------------------
[INFO] Building authservice 0.0.1
[INFO]   from pom.xml
[INFO] --------------------------------[ jar ]---------------------------------
[INFO] 
[INFO] --- resources:3.1.0:resources (default-resources) @ authservice ---
[INFO] Using 'UTF-8' encoding to copy filtered resources.
[INFO] Copying 0 resource
[INFO] Copying 2 resources
[INFO] 
[INFO] --- compiler:3.8.1:compile (default-compile) @ authservice ---
[INFO] Changes detected - recompiling the module!
[INFO] Compiling 38 source files to C:\Users\sibi\Desktop\Stratroom-Source\authservice\target\classes
[INFO] /C:/Users/sibi/Desktop/Stratroom-Source/authservice/src/main/java/com/estrat/service/oauth/component/CustomClaimAccessTokenConverter.java: Some input files use unchecked or unsafe operations.
[INFO] /C:/Users/sibi/Desktop/Stratroom-Source/authservice/src/main/java/com/estrat/service/oauth/component/CustomClaimAccessTokenConverter.java: Recompile with -Xlint:unchecked for details.
[INFO] Some messages have been simplified; recompile with -Xdiags:verbose to get full output
[INFO] -------------------------------------------------------------
[ERROR] COMPILATION ERROR : 
[INFO] -------------------------------------------------------------
[ERROR] /C:/Users/sibi/Desktop/Stratroom-Source/authservice/src/main/java/com/estrat/service/encryption/JasyptEncryptionProvider.java:[14,33] package org.jasypt.encryption.pbe does not exist
[ERROR] /C:/Users/sibi/Desktop/Stratroom-Source/authservice/src/main/java/com/estrat/service/encryption/JasyptEncryptionProvider.java:[50,12] cannot find symbol
  symbol:   class StandardPBEStringEncryptor
  location: class com.estrat.service.encryption.JasyptEncryptionProvider
[ERROR] /C:/Users/sibi/Desktop/Stratroom-Source/authservice/src/main/java/com/estrat/service/jwt/JwtTokenUtil.java:[16,21] package com.auth0.jwt does not exist
[ERROR] /C:/Users/sibi/Desktop/Stratroom-Source/authservice/src/main/java/com/estrat/service/jwt/JwtTokenUtil.java:[17,21] package com.auth0.jwt does not exist
[ERROR] /C:/Users/sibi/Desktop/Stratroom-Source/authservice/src/main/java/com/estrat/service/jwt/JwtTokenUtil.java:[18,32] package com.auth0.jwt.algorithms does not exist
[ERROR] /C:/Users/sibi/Desktop/Stratroom-Source/authservice/src/main/java/com/estrat/service/jwt/JwtTokenUtil.java:[19,32] package com.auth0.jwt.interfaces does not exist
[ERROR] /C:/Users/sibi/Desktop/Stratroom-Source/authservice/src/main/java/com/estrat/service/jwt/JwtTokenUtil.java:[34,13] cannot find symbol
  symbol:   class JWTVerifier
  location: class com.estrat.service.jwt.JwtTokenUtil
[ERROR] /C:/Users/sibi/Desktop/Stratroom-Source/authservice/src/main/java/com/estrat/service/jwt/JwtTokenUtil.java:[54,12] cannot find symbol
  symbol:   class DecodedJWT
  location: class com.estrat.service.jwt.JwtTokenUtil
[ERROR] /C:/Users/sibi/Desktop/Stratroom-Source/authservice/src/main/java/com/estrat/service/jwt/JwtTokenUtil.java:[59,13] cannot find symbol
  symbol:   class DecodedJWT
  location: class com.estrat.service.jwt.JwtTokenUtil
[ERROR] /C:/Users/sibi/Desktop/Stratroom-Source/authservice/src/main/java/com/estrat/service/auth/config/SpringFoxConfig.java:[18,40] package springfox.documentation.builders does not exist
[ERROR] /C:/Users/sibi/Desktop/Stratroom-Source/authservice/src/main/java/com/estrat/service/auth/config/SpringFoxConfig.java:[19,40] package springfox.documentation.builders does not exist
[ERROR] /C:/Users/sibi/Desktop/Stratroom-Source/authservice/src/main/java/com/estrat/service/auth/config/SpringFoxConfig.java:[20,35] package springfox.documentation.spi does not exist
[ERROR] /C:/Users/sibi/Desktop/Stratroom-Source/authservice/src/main/java/com/estrat/service/auth/config/SpringFoxConfig.java:[21,50] package springfox.documentation.spring.web.plugins does not exist
[ERROR] /C:/Users/sibi/Desktop/Stratroom-Source/authservice/src/main/java/com/estrat/service/auth/config/SpringFoxConfig.java:[22,52] package springfox.documentation.swagger2.annotations does not exist
[ERROR] /C:/Users/sibi/Desktop/Stratroom-Source/authservice/src/main/java/com/estrat/service/auth/config/SpringFoxConfig.java:[25,2] cannot find symbol
  symbol: class EnableSwagger2
[ERROR] /C:/Users/sibi/Desktop/Stratroom-Source/authservice/src/main/java/com/estrat/service/auth/config/SpringFoxConfig.java:[28,12] cannot find symbol
  symbol:   class Docket
  location: class com.estrat.service.auth.config.SpringFoxConfig
[ERROR] /C:/Users/sibi/Desktop/Stratroom-Source/authservice/src/main/java/com/estrat/service/auth/config/JWTOAuthTokenFilter.java:[27,32] package com.auth0.jwt.exceptions does not exist
[ERROR] /C:/Users/sibi/Desktop/Stratroom-Source/authservice/src/main/java/com/estrat/service/encryption/JasyptEncryptionProvider.java:[51,9] cannot find symbol
  symbol:   class StandardPBEStringEncryptor
  location: class com.estrat.service.encryption.JasyptEncryptionProvider
[ERROR] /C:/Users/sibi/Desktop/Stratroom-Source/authservice/src/main/java/com/estrat/service/encryption/JasyptEncryptionProvider.java:[51,52] cannot find symbol
  symbol:   class StandardPBEStringEncryptor
  location: class com.estrat.service.encryption.JasyptEncryptionProvider
[ERROR] /C:/Users/sibi/Desktop/Stratroom-Source/authservice/src/main/java/com/estrat/service/auth/service/LoginService.java:[46,91] cannot find symbol
  symbol:   method getEmpId()
  location: variable employee of type java.lang.Object
[ERROR] /C:/Users/sibi/Desktop/Stratroom-Source/authservice/src/main/java/com/estrat/service/auth/service/LoginService.java:[46,112] incompatible types: java.lang.Object cannot be converted to java.util.List
[ERROR] /C:/Users/sibi/Desktop/Stratroom-Source/authservice/src/main/java/com/estrat/service/jwt/JwtTokenUtil.java:[39,41] cannot find symbol
  symbol:   class Algorithm
  location: class com.estrat.service.jwt.JwtTokenUtil
[ERROR] /C:/Users/sibi/Desktop/Stratroom-Source/authservice/src/main/java/com/estrat/service/jwt/JwtTokenUtil.java:[39,51] cannot find symbol
  symbol:   variable Algorithm
  location: class com.estrat.service.jwt.JwtTokenUtil
[ERROR] /C:/Users/sibi/Desktop/Stratroom-Source/authservice/src/main/java/com/estrat/service/jwt/JwtTokenUtil.java:[39,28] cannot find symbol
  symbol:   variable JWT
  location: class com.estrat.service.jwt.JwtTokenUtil
[ERROR] /C:/Users/sibi/Desktop/Stratroom-Source/authservice/src/main/java/com/estrat/service/jwt/JwtTokenUtil.java:[55,9] cannot find symbol
  symbol:   class DecodedJWT
  location: class com.estrat.service.jwt.JwtTokenUtil
[ERROR] /C:/Users/sibi/Desktop/Stratroom-Source/authservice/src/main/java/com/estrat/service/jwt/JwtTokenUtil.java:[74,24] cannot find symbol
  symbol:   variable JWT
  location: class com.estrat.service.jwt.JwtTokenUtil
[ERROR] /C:/Users/sibi/Desktop/Stratroom-Source/authservice/src/main/java/com/estrat/service/jwt/JwtTokenUtil.java:[74,232] cannot find symbol
  symbol:   variable Algorithm
  location: class com.estrat.service.jwt.JwtTokenUtil
[ERROR] /C:/Users/sibi/Desktop/Stratroom-Source/authservice/src/main/java/com/estrat/service/auth/config/AbstractRestTemplate.java:[36,75] cannot find symbol
  symbol:   class HttpComponentsClientHttpRequestWithBodyFactory
  location: class com.estrat.service.auth.config.AbstractRestTemplate
[ERROR] /C:/Users/sibi/Desktop/Stratroom-Source/authservice/src/main/java/com/estrat/service/auth/config/SpringFoxConfig.java:[29,20] cannot find symbol
  symbol:   class Docket
  location: class com.estrat.service.auth.config.SpringFoxConfig
[ERROR] /C:/Users/sibi/Desktop/Stratroom-Source/authservice/src/main/java/com/estrat/service/auth/config/SpringFoxConfig.java:[29,27] cannot find symbol
  symbol:   variable DocumentationType
  location: class com.estrat.service.auth.config.SpringFoxConfig
[ERROR] /C:/Users/sibi/Desktop/Stratroom-Source/authservice/src/main/java/com/estrat/service/auth/config/SpringFoxConfig.java:[29,70] cannot find symbol
  symbol:   variable RequestHandlerSelectors
  location: class com.estrat.service.auth.config.SpringFoxConfig
[ERROR] /C:/Users/sibi/Desktop/Stratroom-Source/authservice/src/main/java/com/estrat/service/auth/config/SpringFoxConfig.java:[29,107] cannot find symbol
  symbol:   variable PathSelectors
  location: class com.estrat.service.auth.config.SpringFoxConfig
[ERROR] /C:/Users/sibi/Desktop/Stratroom-Source/authservice/src/main/java/com/estrat/service/auth/config/CustomOAuthAuthenticationFilter.java:[80,91] incompatible types: java.lang.Object cannot be converted to javax.servlet.http.HttpServletRequest
[ERROR] /C:/Users/sibi/Desktop/Stratroom-Source/authservice/src/main/java/com/estrat/service/auth/config/JWTOAuthTokenFilter.java:[114,16] cannot find symbol
  symbol:   class TokenExpiredException
  location: class com.estrat.service.auth.config.JWTOAuthTokenFilter
[ERROR] /C:/Users/sibi/Desktop/Stratroom-Source/authservice/src/main/java/com/estrat/service/auth/resource/LoginResource.java:[181,38] incompatible types: java.util.HashMap<java.lang.String,java.lang.String> cannot be converted to java.util.Map<java.lang.String,java.lang.Object>
[INFO] 35 errors 
[INFO] -------------------------------------------------------------
[INFO] ------------------------------------------------------------------------
[INFO] BUILD FAILURE
[INFO] ------------------------------------------------------------------------
[INFO] Total time:  2.629 s
[INFO] Finished at: 2026-06-01T16:47:46+05:30
[INFO] ------------------------------------------------------------------------
[ERROR] Failed to execute goal org.apache.maven.plugins:maven-compiler-plugin:3.8.1:compile (default-compile) on project authservice: Compilation failure: Compilation failure: 
[ERROR] /C:/Users/sibi/Desktop/Stratroom-Source/authservice/src/main/java/com/estrat/service/encryption/JasyptEncryptionProvider.java:[14,33] package org.jasypt.encryption.pbe does not exist
[ERROR] /C:/Users/sibi/Desktop/Stratroom-Source/authservice/src/main/java/com/estrat/service/encryption/JasyptEncryptionProvider.java:[50,12] cannot find symbol
[ERROR]   symbol:   class StandardPBEStringEncryptor
[ERROR]   location: class com.estrat.service.encryption.JasyptEncryptionProvider
[ERROR] /C:/Users/sibi/Desktop/Stratroom-Source/authservice/src/main/java/com/estrat/service/jwt/JwtTokenUtil.java:[16,21] package com.auth0.jwt does not exist
[ERROR] /C:/Users/sibi/Desktop/Stratroom-Source/authservice/src/main/java/com/estrat/service/jwt/JwtTokenUtil.java:[17,21] package com.auth0.jwt does not exist
[ERROR] /C:/Users/sibi/Desktop/Stratroom-Source/authservice/src/main/java/com/estrat/service/jwt/JwtTokenUtil.java:[18,32] package com.auth0.jwt.algorithms does not exist
[ERROR] /C:/Users/sibi/Desktop/Stratroom-Source/authservice/src/main/java/com/estrat/service/jwt/JwtTokenUtil.java:[19,32] package com.auth0.jwt.interfaces does not exist
[ERROR] /C:/Users/sibi/Desktop/Stratroom-Source/authservice/src/main/java/com/estrat/service/jwt/JwtTokenUtil.java:[34,13] cannot find symbol
[ERROR]   symbol:   class JWTVerifier
[ERROR]   location: class com.estrat.service.jwt.JwtTokenUtil
[ERROR] /C:/Users/sibi/Desktop/Stratroom-Source/authservice/src/main/java/com/estrat/service/jwt/JwtTokenUtil.java:[54,12] cannot find symbol
[ERROR]   symbol:   class DecodedJWT
[ERROR]   location: class com.estrat.service.jwt.JwtTokenUtil
[ERROR] /C:/Users/sibi/Desktop/Stratroom-Source/authservice/src/main/java/com/estrat/service/jwt/JwtTokenUtil.java:[59,13] cannot find symbol
[ERROR]   symbol:   class DecodedJWT
[ERROR]   location: class com.estrat.service.jwt.JwtTokenUtil
[ERROR] /C:/Users/sibi/Desktop/Stratroom-Source/authservice/src/main/java/com/estrat/service/auth/config/SpringFoxConfig.java:[18,40] package springfox.documentation.builders does not exist
[ERROR] /C:/Users/sibi/Desktop/Stratroom-Source/authservice/src/main/java/com/estrat/service/auth/config/SpringFoxConfig.java:[19,40] package springfox.documentation.builders does not exist
[ERROR] /C:/Users/sibi/Desktop/Stratroom-Source/authservice/src/main/java/com/estrat/service/auth/config/SpringFoxConfig.java:[20,35] package springfox.documentation.spi does not exist
[ERROR] /C:/Users/sibi/Desktop/Stratroom-Source/authservice/src/main/java/com/estrat/service/auth/config/SpringFoxConfig.java:[21,50] package springfox.documentation.spring.web.plugins does not exist
[ERROR] /C:/Users/sibi/Desktop/Stratroom-Source/authservice/src/main/java/com/estrat/service/auth/config/SpringFoxConfig.java:[22,52] package springfox.documentation.swagger2.annotations does not exist
[ERROR] /C:/Users/sibi/Desktop/Stratroom-Source/authservice/src/main/java/com/estrat/service/auth/config/SpringFoxConfig.java:[25,2] cannot find symbol
[ERROR]   symbol: class EnableSwagger2
[ERROR] /C:/Users/sibi/Desktop/Stratroom-Source/authservice/src/main/java/com/estrat/service/auth/config/SpringFoxConfig.java:[28,12] cannot find symbol
[ERROR]   symbol:   class Docket
[ERROR]   location: class com.estrat.service.auth.config.SpringFoxConfig
[ERROR] /C:/Users/sibi/Desktop/Stratroom-Source/authservice/src/main/java/com/estrat/service/auth/config/JWTOAuthTokenFilter.java:[27,32] package com.auth0.jwt.exceptions does not exist
[ERROR] /C:/Users/sibi/Desktop/Stratroom-Source/authservice/src/main/java/com/estrat/service/encryption/JasyptEncryptionProvider.java:[51,9] cannot find symbol
[ERROR]   symbol:   class StandardPBEStringEncryptor
[ERROR]   location: class com.estrat.service.encryption.JasyptEncryptionProvider
[ERROR] /C:/Users/sibi/Desktop/Stratroom-Source/authservice/src/main/java/com/estrat/service/encryption/JasyptEncryptionProvider.java:[51,52] cannot find symbol
[ERROR]   symbol:   class StandardPBEStringEncryptor
[ERROR]   location: class com.estrat.service.encryption.JasyptEncryptionProvider
[ERROR] /C:/Users/sibi/Desktop/Stratroom-Source/authservice/src/main/java/com/estrat/service/auth/service/LoginService.java:[46,91] cannot find symbol
[ERROR]   symbol:   method getEmpId()
[ERROR]   location: variable employee of type java.lang.Object
[ERROR] /C:/Users/sibi/Desktop/Stratroom-Source/authservice/src/main/java/com/estrat/service/auth/service/LoginService.java:[46,112] incompatible types: java.lang.Object cannot be converted to java.util.List
[ERROR] /C:/Users/sibi/Desktop/Stratroom-Source/authservice/src/main/java/com/estrat/service/jwt/JwtTokenUtil.java:[39,41] cannot find symbol
[ERROR]   symbol:   class Algorithm
[ERROR]   location: class com.estrat.service.jwt.JwtTokenUtil
[ERROR] /C:/Users/sibi/Desktop/Stratroom-Source/authservice/src/main/java/com/estrat/service/jwt/JwtTokenUtil.java:[39,51] cannot find symbol
[ERROR]   symbol:   variable Algorithm
[ERROR]   location: class com.estrat.service.jwt.JwtTokenUtil
[ERROR] /C:/Users/sibi/Desktop/Stratroom-Source/authservice/src/main/java/com/estrat/service/jwt/JwtTokenUtil.java:[39,28] cannot find symbol
[ERROR]   symbol:   variable JWT
[ERROR]   location: class com.estrat.service.jwt.JwtTokenUtil
[ERROR] /C:/Users/sibi/Desktop/Stratroom-Source/authservice/src/main/java/com/estrat/service/jwt/JwtTokenUtil.java:[55,9] cannot find symbol
[ERROR]   symbol:   class DecodedJWT
[ERROR]   location: class com.estrat.service.jwt.JwtTokenUtil
[ERROR] /C:/Users/sibi/Desktop/Stratroom-Source/authservice/src/main/java/com/estrat/service/jwt/JwtTokenUtil.java:[74,24] cannot find symbol
[ERROR]   symbol:   variable JWT
[ERROR]   location: class com.estrat.service.jwt.JwtTokenUtil
[ERROR] /C:/Users/sibi/Desktop/Stratroom-Source/authservice/src/main/java/com/estrat/service/jwt/JwtTokenUtil.java:[74,232] cannot find symbol
[ERROR]   symbol:   variable Algorithm
[ERROR]   location: class com.estrat.service.jwt.JwtTokenUtil
[ERROR] /C:/Users/sibi/Desktop/Stratroom-Source/authservice/src/main/java/com/estrat/service/auth/config/AbstractRestTemplate.java:[36,75] cannot find symbol
[ERROR]   symbol:   class HttpComponentsClientHttpRequestWithBodyFactory
[ERROR]   location: class com.estrat.service.auth.config.AbstractRestTemplate
[ERROR] /C:/Users/sibi/Desktop/Stratroom-Source/authservice/src/main/java/com/estrat/service/auth/config/SpringFoxConfig.java:[29,20] cannot find symbol
[ERROR]   symbol:   class Docket
[ERROR]   location: class com.estrat.service.auth.config.SpringFoxConfig
[ERROR] /C:/Users/sibi/Desktop/Stratroom-Source/authservice/src/main/java/com/estrat/service/auth/config/SpringFoxConfig.java:[29,27] cannot find symbol
[ERROR]   symbol:   variable DocumentationType
[ERROR]   location: class com.estrat.service.auth.config.SpringFoxConfig
[ERROR] /C:/Users/sibi/Desktop/Stratroom-Source/authservice/src/main/java/com/estrat/service/auth/config/SpringFoxConfig.java:[29,70] cannot find symbol
[ERROR]   symbol:   variable RequestHandlerSelectors
[ERROR]   location: class com.estrat.service.auth.config.SpringFoxConfig
[ERROR] /C:/Users/sibi/Desktop/Stratroom-Source/authservice/src/main/java/com/estrat/service/auth/config/SpringFoxConfig.java:[29,107] cannot find symbol
[ERROR]   symbol:   variable PathSelectors
[ERROR]   location: class com.estrat.service.auth.config.SpringFoxConfig
[ERROR] /C:/Users/sibi/Desktop/Stratroom-Source/authservice/src/main/java/com/estrat/service/auth/config/CustomOAuthAuthenticationFilter.java:[80,91] incompatible types: java.lang.Object cannot be converted to javax.servlet.http.HttpServletRequest
[ERROR] /C:/Users/sibi/Desktop/Stratroom-Source/authservice/src/main/java/com/estrat/service/auth/config/JWTOAuthTokenFilter.java:[114,16] cannot find symbol
[ERROR]   symbol:   class TokenExpiredException
[ERROR]   location: class com.estrat.service.auth.config.JWTOAuthTokenFilter
[ERROR] /C:/Users/sibi/Desktop/Stratroom-Source/authservice/src/main/java/com/estrat/service/auth/resource/LoginResource.java:[181,38] incompatible types: java.util.HashMap<java.lang.String,java.lang.String> cannot be converted to java.util.Map<java.lang.String,java.lang.Object>
[ERROR] -> [Help 1]
[ERROR] 
[ERROR] To see the full stack trace of the errors, re-run Maven with the -e switch.
[ERROR] Re-run Maven using the -X switch to enable full debug logging.
[ERROR] 
[ERROR] For more information about the errors and possible solutions, please read the following articles:
[ERROR] [Help 1] http://cwiki.apache.org/confluence/display/MAVEN/MojoFailureException
